
> ecodefill-app@1.0.0 build
> prisma generate && next build

Environment variables loaded from .env
Prisma schema loaded from prisma\schema.prisma

Γ£ö Generated Prisma Client (v5.22.0) to .\node_modules\@prisma\client in 67ms

Start by importing your Prisma Client (See: https://pris.ly/d/importing-client)

Tip: Need your database queries to be 1000x faster? Accelerate offers you that and more: https://pris.ly/tip-2-accelerate

  Γû▓ Next.js 14.2.35
  - Environments: .env

   Creating an optimized production build ...
npm : Failed to compile.
At line:1 char:1
+ npm run build > build_output.txt 
2>&1
+ ~~~~~~~~~~~~~~~~~~~~~~~~~~~~~~~~~~
~~~
    + CategoryInfo          : NotSp 
   ecified: (Failed to compile.:St  
  ring) [], RemoteException
    + FullyQualifiedErrorId : Nativ 
   eCommandError
 

src\app\admin\(dashboard)\dashboard\
page.tsx
You cannot have two parallel pages 
that resolve to the same path. 
Please check 
/admin/(dashboard)/dashboard/page 
and /admin/dashboard/page. Refer to 
the route group docs for more 
information: https://nextjs.org/docs
/app/building-your-application/routi
ng/route-groups

src\app\admin\dashboard\page.tsx
You cannot have two parallel pages 
that resolve to the same path. 
Please check 
/admin/(dashboard)/dashboard/page 
and /admin/dashboard/page. Refer to 
the route group docs for more 
information: https://nextjs.org/docs
/app/building-your-application/routi
ng/route-groups


> Build failed because of webpack 
errors
